// Jest Snapshot v1, https://goo.gl/fbAQLP

exports[`<AlbumTitle /> renders correctly 1`] = `
<Text
  style={
    Array [
      Object {
        "color": "#000",
        "fontFamily": "System",
        "fontSize": 16,
      },
      Object {
        "fontSize": 18,
        "marginLeft": 25,
      },
    ]
  }
  uppercase={false}
>
  tesdt
</Text>
`;
